// Jest Snapshot v1, https://goo.gl/fbAQLP

exports[`Public API should not change without a deliberate update 1`] = `
{
  "useTextClassification": [Function],
}
`;
